// Jest Snapshot v1, https://goo.gl/fbAQLP

exports[`<LoginContainer /> Component should to render correctly 1`] = `
<WithStyles(Login)
  onLogin={[Function]}
  state={
    Object {
      "user": Object {
        "firstAccess": true,
      },
    }
  }
/>
`;
