// Jest Snapshot v1, https://goo.gl/fbAQLP

exports[`<PreloaderContainer /> Component should to render correctly 1`] = `
<ContextConsumer>
  <Component />
</ContextConsumer>
`;
