// Jest Snapshot v1, https://goo.gl/fbAQLP

exports[`<ColumnHeader /> Component should render correctly 1`] = `undefined`;
