// Jest Snapshot v1, https://goo.gl/fbAQLP

exports[`<Column /> Component should render correctly 1`] = `
<Column
  cards={
    Array [
      Object {
        "id": 31,
        "title": "Criar layouts da tela principal do quadro. Este Ã© um exemplo de tarefa ou card do quadro kanban",
      },
    ]
  }
  classes={
    Object {
      "column": "Column-column-2",
      "parentColumn": "Column-parentColumn-1",
    }
  }
  hColumns={Array []}
  id={4}
  title="A fazer"
  vColumns={Array []}
/>
`;
