// Jest Snapshot v1, https://goo.gl/fbAQLP

exports[`<MenuHeaderColumn /> Component should render correctly 1`] = `undefined`;
